{"t": 1787232096.8964632, "key": "delch/cogent_infrastructure_llc_v._sprint_llc", "text": "disposition is marked as counsel and title", "sha": "022ff6ea9b80c117"}
{"t": 1787232096.9372852, "key": "delch/feeney_brothers_excavation_trust_v._artera_services_holdco_llc", "text": "cuts off headmatter early", "sha": "65a800f8ec20ab41"}
{"t": 1787232539.895639, "key": "delsuperct/__probe__", "text": "probe", "sha": null}
{"t": 1787232539.913142, "key": "delsuperct/__probe__", "text": "", "sha": null}
{"t": 1787232590.659605, "key": "del/suncor_energy_inc._v._magellan_pipeline_company_l.p.", "text": "not getting all headmatter and instead making multiple opiniosn from one", "sha": "129fe277071d8e3f"}
{"t": 1787232948.836791, "key": "calctapp/bates_v._city_of_temecula_ca41", "text": "this one has two", "sha": "41ca3cb9fbe42d65"}
{"t": 1787232953.318063, "key": "calctapp/bates_v._city_of_temecula_ca41", "text": "this one has two opinions... an order and teh", "sha": "41ca3cb9fbe42d65"}
{"t": 1787232955.9992142, "key": "calctapp/bates_v._city_of_temecula_ca41", "text": "this one has two opinions... an order and teh opinion i think.", "sha": "41ca3cb9fbe42d65"}
{"t": 1787232962.3128152, "key": "calctapp/bates_v._city_of_temecula_ca41", "text": "this one has two opinions... an order and teh opinion i think.  we should recognize this and do them as two", "sha": "41ca3cb9fbe42d65"}
{"t": 1787232965.537749, "key": "calctapp/bates_v._city_of_temecula_ca41", "text": "this one has two opinions... an order and teh opinion i think.  we should recognize this and do them as two opinions.", "sha": "41ca3cb9fbe42d65"}
{"t": 1787232966.415124, "key": "calctapp/bates_v._city_of_temecula_ca41", "text": "this one has two opinions... an order and teh opinion i think.  we should recognize this and do them as two opinions.  dont", "sha": "41ca3cb9fbe42d65"}
{"t": 1787232968.4819672, "key": "calctapp/bates_v._city_of_temecula_ca41", "text": "this one has two opinions... an order and teh opinion i think.  we should recognize this and do them as two opinions.  dont grab teh", "sha": "41ca3cb9fbe42d65"}
{"t": 1787232972.3123899, "key": "calctapp/bates_v._city_of_temecula_ca41", "text": "this one has two opinions... an order and teh opinion i think.  we should recognize this and do them as two opinions.  dont grab teh second opinions", "sha": "41ca3cb9fbe42d65"}
{"t": 1787232980.2929962, "key": "calctapp/bates_v._city_of_temecula_ca41", "text": "this one has two opinions... an order and teh opinion i think.  we should recognize this and do them as two opinions.  dont grab teh second opinions headmatter and caption and jam", "sha": "41ca3cb9fbe42d65"}
{"t": 1787232982.926921, "key": "calctapp/bates_v._city_of_temecula_ca41", "text": "this one has two opinions... an order and teh opinion i think.  we should recognize this and do them as two opinions.  dont grab teh second opinions headmatter and caption and jam it into things.", "sha": "41ca3cb9fbe42d65"}
{"t": 1787232987.673394, "key": "calctapp/bates_v._city_of_temecula_ca41", "text": "this one has two opinions... an order and teh opinion i think.  we should recognize this and do them as two opinions.  dont grab teh second opinions headmatter and caption and jam it into things.  i think.", "sha": "41ca3cb9fbe42d65"}
{"t": 1787233074.939306, "key": "coloctapp/castillo_v._stem", "text": "this one isnt even close to getting it right. it has a summary", "sha": "3a073bbe4900bda5"}
{"t": 1787233083.4351842, "key": "coloctapp/castillo_v._stem", "text": "this one isnt even close to getting it right. it has a summary and then headmatter but its not parsing it for whaver reason", "sha": "3a073bbe4900bda5"}
{"t": 1787233102.2634492, "key": "coloctapp/eaves_v._cdoc", "text": "this isnt", "sha": "9202d126422721a9"}
{"t": 1787233104.268218, "key": "coloctapp/eaves_v._cdoc", "text": "this", "sha": "9202d126422721a9"}
{"t": 1787233108.519688, "key": "coloctapp/eaves_v._cdoc", "text": "this doenst get caption right it ads", "sha": "9202d126422721a9"}
{"t": 1787233111.267691, "key": "coloctapp/eaves_v._cdoc", "text": "this doenst get caption right it adds lower court", "sha": "9202d126422721a9"}
{"t": 1787233114.751863, "key": "coloctapp/eaves_v._cdoc", "text": "this doenst get caption right it adds lower court and pulls it from the caption.", "sha": "9202d126422721a9"}
{"t": 1787233135.651457, "key": "coloctapp/eaves_v._cdoc", "text": "this doenst get caption right it adds lower court and pulls it from the caption. also *Sitting by assignment of the Chief Justice under provisions of Colo. Const.\n is a footnote", "sha": "9202d126422721a9"}
{"t": 1787233139.90912, "key": "coloctapp/eaves_v._cdoc", "text": "this doenst get caption right it adds lower court and pulls it from the caption. also *Sitting by assignment of the Chief Justice under provisions of Colo. Const.\n is a footnotewithout a separator", "sha": "9202d126422721a9"}
{"t": 1787233143.40106, "key": "coloctapp/eaves_v._cdoc", "text": "this doenst get caption right it adds lower court and pulls it from the caption. also *Sitting by assignment of the Chief Justice under provisions of Colo. Const.\n is a footnotewithout a separator for the headmatter foontote", "sha": "9202d126422721a9"}
{"t": 1787233149.317062, "key": "coloctapp/elken_v._bain", "text": "same", "sha": "e3dabf13a4384c7f"}
{"t": 1787233150.880353, "key": "coloctapp/elken_v._bain", "text": "same no parsing", "sha": "e3dabf13a4384c7f"}
{"t": 1787233153.614947, "key": "coloctapp/elken_v._bain", "text": "same no parsing headmatter or summary", "sha": "e3dabf13a4384c7f"}
{"t": 1787233177.05213, "key": "coloctapp/goal_academy_v._icao", "text": "it marked a lower court incorrectly", "sha": "c2b390dd5810e115"}
{"t": 1787233181.298294, "key": "coloctapp/goal_academy_v._icao", "text": "it marked a lower court incorrectly agai nin teh caption and in the counsel", "sha": "c2b390dd5810e115"}
{"t": 1787233194.91195, "key": "coloctapp/in_re_marriage_of_teruel_de_torres", "text": "struggling again with teh headamtter and format i think1", "sha": "06944ecffe9a4486"}
{"t": 1787233204.890445, "key": "coloctapp/inc.", "text": "more bad headmatter parsing and stuff", "sha": "d84be3f99d2348b9"}
{"t": 1787233328.687551, "key": "ga/johnson_v._city_of_vidalia", "text": "this one ...", "sha": "50a875a6653444e2"}
{"t": 1787233332.385846, "key": "ga/johnson_v._city_of_vidalia", "text": "this one ... needs to drop the", "sha": "50a875a6653444e2"}
{"t": 1787233336.909143, "key": "ga/johnson_v._city_of_vidalia", "text": "this one ... needs to drop the stamp", "sha": "50a875a6653444e2"}
{"t": 1787233340.770528, "key": "ga/johnson_v._city_of_vidalia", "text": "this one ... needs to drop the stamp the court seal and the", "sha": "50a875a6653444e2"}
{"t": 1787233343.826891, "key": "ga/johnson_v._city_of_vidalia", "text": "this one ... needs to drop the stamp the court seal and the clerk signature in teh f", "sha": "50a875a6653444e2"}
{"t": 1787233355.580244, "key": "ga/johnson_v._city_of_vidalia", "text": "this one ... needs to drop the stamp the court seal and the clerk signature in the order.", "sha": "50a875a6653444e2"}
{"t": 1787233367.116897, "key": "ga/johnson_v._city_of_vidalia", "text": "this one ... needs to drop the stamp the court seal and the clerk signature in the order.  okay.?", "sha": "50a875a6653444e2"}
{"t": 1787233405.830393, "key": "gactapp/bharath_aiyer_v._saregama_india_ltd", "text": "lets respect teh whites", "sha": "8de215fb716ccac7"}
{"t": 1787233411.476919, "key": "gactapp/bharath_aiyer_v._saregama_india_ltd", "text": "lets respect teh whitespace at the ned iwth the LC Numbers and", "sha": "8de215fb716ccac7"}
{"t": 1787233419.356502, "key": "gactapp/bharath_aiyer_v._saregama_india_ltd", "text": "lets respect teh whitespace at the ned iwth the LC Numbers and  orhoestly mabye thats endmatter", "sha": "8de215fb716ccac7"}
{"t": 1787233421.31665, "key": "gactapp/bharath_aiyer_v._saregama_india_ltd", "text": "lets respect teh whitespace at the ned iwth the LC Numbers and  orhoestly mabye thats endmatter and marked as", "sha": "8de215fb716ccac7"}
{"t": 1787233424.3359869, "key": "gactapp/bharath_aiyer_v._saregama_india_ltd", "text": "lets respect teh whitespace at the ned iwth the LC Numbers and  orhoestly mabye thats endmatter and marked as lower court stuff.", "sha": "8de215fb716ccac7"}
{"t": 1787233427.911664, "key": "gactapp/bharath_aiyer_v._saregama_india_ltd", "text": "lets respect teh whitespace at the ned iwth the LC Numbers and  orhoestly mabye thats endmatter and marked as lower court stuff.  and we dont need the clerk", "sha": "8de215fb716ccac7"}
{"t": 1787233430.503846, "key": "gactapp/bharath_aiyer_v._saregama_india_ltd", "text": "lets respect teh whitespace at the ned iwth the LC Numbers and  orhoestly mabye thats endmatter and marked as lower court stuff.  and we dont need the clerk signature here either", "sha": "8de215fb716ccac7"}
{"t": 1787233440.654382, "key": "gactapp/demetrius_carter_v._state", "text": "lets respect teh whitespace at the ned iwth the LC Numbers and  orhoestly mabye thats endmatter and marked as lower court stuff.  and we dont need the clerk signature here either", "sha": "4b4a68d688911774"}
{"t": 1787233443.588716, "key": "gactapp/derrickson_associates_llc_v._strategic_funding_source_inc.", "text": "lets respect teh whitespace at the ned iwth the LC Numbers and  orhoestly mabye thats endmatter and marked as lower court stuff.  and we dont need the clerk signature here either", "sha": "307b5994e67ea22e"}
{"t": 1787233445.857899, "key": "gactapp/houston_county_emergency_group_llc_v._celestine_clarington_as_surviving", "text": "lets respect teh whitespace at the ned iwth the LC Numbers and  orhoestly mabye thats endmatter and marked as lower court stuff.  and we dont need the clerk signature here either", "sha": "a5d6feeabc27e2e2"}
{"t": 1787233450.359595, "key": "gactapp/in_re_estate_of_tien_thi_davis", "text": "lets respect teh whitespace at the ned iwth the LC Numbers and  orhoestly mabye thats endmatter and marked as lower court stuff.  and we dont need the clerk signature here either", "sha": "547969be207f3a27"}
{"t": 1787233453.96316, "key": "gactapp/in_the_interest_of_d._w._k._a_child_mother", "text": "lets respect teh whitespace at the ned iwth the LC Numbers and  orhoestly mabye thats endmatter and marked as lower court stuff.  and we dont need the clerk signature here either", "sha": "f641bc43cb45b03b"}
{"t": 1787233456.492743, "key": "gactapp/in_the_interest_of_l._r._d._a_child_mother", "text": "lets respect teh whitespace at the ned iwth the LC Numbers and  orhoestly mabye thats endmatter and marked as lower court stuff.  and we dont need the clerk signature here either", "sha": "02c6fcc1806bc003"}
{"t": 1787233463.079367, "key": "gactapp/woodland_grove_limited_partnership_r6139_061_v._gwinnett_county_board_of_tax_assessors", "text": "lets respect teh whitespace at the ned iwth the LC Numbers and  orhoestly mabye thats endmatter and marked as lower court stuff.  and we dont need the clerk signature here either", "sha": "be67437ada0dad80"}
{"t": 1787233481.551554, "key": "guam/franklin_j._gutierrez_individually_and_as_co-administrator_of_the_estates", "text": "lets", "sha": "968f09be3b6e6d1d"}
{"t": 1787233485.678394, "key": "guam/franklin_j._gutierrez_individually_and_as_co-administrator_of_the_estates", "text": "lets tighten up the signature lines", "sha": "968f09be3b6e6d1d"}
{"t": 1787233490.502655, "key": "guam/franklin_j._gutierrez_individually_and_as_co-administrator_of_the_estates", "text": "lets tighten up the signature lines at teh end so they dont blend togetehr", "sha": "968f09be3b6e6d1d"}
{"t": 1787233499.467422, "key": "guam/franklin_j._gutierrez_individually_and_as_co-administrator_of_the_estates", "text": "lets tighten up the signature lines at teh end so they dont blend togetehr  lets also respect the new paragraphs", "sha": "968f09be3b6e6d1d"}
{"t": 1787233503.792054, "key": "guam/franklin_j._gutierrez_individually_and_as_co-administrator_of_the_estates", "text": "lets tighten up the signature lines at teh end so they dont blend togetehr  lets also respect the new paragraphs marked with [18] like that", "sha": "968f09be3b6e6d1d"}
{"t": 1787233555.1631858, "key": "guam/guam_waterworks_authority_v._civil_service_commission_and_joey_a._taitano", "text": "need to", "sha": "b75c58ebacb28539"}
{"t": 1787233558.749696, "key": "guam/guam_waterworks_authority_v._civil_service_commission_and_joey_a._taitano", "text": "need to respsect the enw paragra", "sha": "b75c58ebacb28539"}
{"t": 1787233560.58205, "key": "guam/guam_waterworks_authority_v._civil_service_commission_and_joey_a._taitano", "text": "need to respsect the enw paragrah markers", "sha": "b75c58ebacb28539"}
{"t": 1787233861.042141, "key": "wisctapp/benjean_f._lara_v._city_of_milwaukee", "text": "this one is wonky with teh pulblisehd opinion sheet causing issues but only this one not sure why", "sha": "c1e87e380517104e"}
{"t": 1787233867.749984, "key": "wisctapp/benjean_f._lara_v._city_of_milwaukee", "text": "this one is wonky with teh pulblisehd opinion sheet causing issues but only this one not sure why  its the heamdatter footnotes that kileld it", "sha": "c1e87e380517104e"}
{"t": 1787233927.118363, "key": "wisctapp/benjean_f._lara_v._city_of_milwaukee", "text": "this one is wonky with teh pulblisehd opinion sheet causing issues but only this one not sure why  its the heamdatter footnotes that kileld it  its a weird edgecase", "sha": "c1e87e380517104e"}
{"t": 1787233928.7027478, "key": "wisctapp/benjean_f._lara_v._city_of_milwaukee", "text": "this one is wonky with teh pulblisehd opinion sheet causing issues but only this one not sure why  its the heamdatter footnotes that kileld it  its a weird edgecase think", "sha": "c1e87e380517104e"}
{"t": 1787233930.4045281, "key": "wisctapp/benjean_f._lara_v._city_of_milwaukee", "text": "this one is wonky with teh pulblisehd opinion sheet causing issues but only this one not sure why  its the heamdatter footnotes that kileld it  its a weird edgecase thing giong on", "sha": "c1e87e380517104e"}
{"t": 1787233931.5310662, "key": "wisctapp/benjean_f._lara_v._city_of_milwaukee", "text": "this one is wonky with teh pulblisehd opinion sheet causing issues but only this one not sure why  its the heamdatter footnotes that kileld it  its a weird edgecase thing giong on here", "sha": "c1e87e380517104e"}
{"t": 1787234048.598403, "key": "nmctapp/state_v._klumb", "text": "this is one opinion with", "sha": "3434ff39057999b7"}
{"t": 1787234057.057871, "key": "nmctapp/state_v._klumb", "text": "this is one opinion with just judge names at teh end", "sha": "3434ff39057999b7"}
{"t": 1787234093.486306, "key": "arizctapp/cervantes_v._state", "text": "Opinion of the Court", "sha": "9338f60d9cf924c1"}
{"t": 1787234099.4507039, "key": "arizctapp/cervantes_v._state", "text": "Opinion of the Court\nis in teh margin but is being left in the opinion", "sha": "9338f60d9cf924c1"}
{"t": 1787234160.3043818, "key": "dc/in_re_correa", "text": "not two opinions just says per curiam at the end...", "sha": "924cc1be813b1881"}
{"t": 1787234168.014379, "key": "dc/in_re_kester", "text": "same as above its not two opinions", "sha": "b909172466431cfd"}
{"t": 1787234171.7587368, "key": "dc/in_re_tucker_jr.", "text": "not ttwo opinions", "sha": "ac1141140a406e1e"}
{"t": 1787234222.88742, "key": "delsuperct/msg_network_inc._v._federal_insurance_company", "text": "r", "sha": "8c573ffb785e184f"}
{"t": 1787234223.716425, "key": "delsuperct/msg_network_inc._v._federal_insurance_company", "text": "", "sha": "8c573ffb785e184f"}
{"t": 1787234244.5477178, "key": "delsuperct/stansbury_v._helm-woulard_and_barry_security", "text": "over", "sha": "663103e6958cfc0e"}
{"t": 1787234246.954119, "key": "delsuperct/stansbury_v._helm-woulard_and_barry_security", "text": "things", "sha": "663103e6958cfc0e"}
{"t": 1787234248.091434, "key": "delsuperct/stansbury_v._helm-woulard_and_barry_security", "text": "things the i", "sha": "663103e6958cfc0e"}
{"t": 1787234252.7884538, "key": "delsuperct/stansbury_v._helm-woulard_and_barry_security", "text": "things the first block is counsel when its a summary", "sha": "663103e6958cfc0e"}
{"t": 1787234723.727371, "key": "idahoctapp/state_of_idaho_v._tiffany_johnell_heyden", "text": "this has a second opinion a dissent", "sha": "774cac89b82604c7"}
{"t": 1787235254.4793658, "key": "mont/transparent_election_initiative_v._knudsen", "text": "this one has a bunhc of", "sha": "4ab91d8413ff7e5f"}
{"t": 1787235256.667514, "key": "mont/transparent_election_initiative_v._knudsen", "text": "this one has a bunhc of headmatter pages", "sha": "4ab91d8413ff7e5f"}
{"t": 1787235263.417453, "key": "mont/transparent_election_initiative_v._knudsen", "text": "this one has a bunhc of headmatter pages that are being consuemed into a majority opinion", "sha": "4ab91d8413ff7e5f"}
{"t": 1787235274.614801, "key": "mont/transparent_election_initiative_v._knudsen", "text": "this one has a bunhc of headmatter pages that are being consuemed into a majority opinion   and the signature can be pulled but we hsould be abel to pars that better", "sha": "4ab91d8413ff7e5f"}
{"t": 1787235282.455342, "key": "mont/transparent_election_initiative_v._knudsen", "text": "this one has a bunhc of headmatter pages that are being consuemed into a majority opinion   and the signature can be pulled but we hsould be abel to pars that better  only 2 opinions here.", "sha": "4ab91d8413ff7e5f"}
{"t": 1787235306.400286, "key": "mont/matter_of_s.j.c._yinc", "text": "same here its taking the end of the headmatte rand signateur and putting to an opinion its not.", "sha": "05ef16da6d870de5"}
{"t": 1787235684.1735208, "key": "idahoctapp/state_of_idaho_v._tiffany_johnell_heyden", "text": "", "sha": "8df81f5dbbb291fc"}
{"t": 1787236031.0601559, "key": "kanctapp/dept._for_children_and_families_v._c.a.n.", "text": "no headmatter", "sha": "5559a69aa104f1a8"}
{"t": 1787236035.317729, "key": "kanctapp/in_re_i.h.", "text": "no head", "sha": "ba5958364d14fffd"}
{"t": 1787236038.704106, "key": "kanctapp/in_re_i.h.", "text": "no headmatter or syllabus parsing", "sha": "ba5958364d14fffd"}
{"t": 1787236044.1584692, "key": "kanctapp/kenyatta_v._sopha", "text": "no headmatter parsing", "sha": "31cf9675a73d9286"}
{"t": 1787236279.612898, "key": "kanctapp/dept._for_children_and_families_v._c.a.n.", "text": "Before COBLE, P.J., BRUNS and HURST, JJ.", "sha": "05c3f49ed02e6163"}
{"t": 1787236281.33599, "key": "kanctapp/dept._for_children_and_families_v._c.a.n.", "text": "Before COBLE, P.J., BRUNS and HURST, JJ.\n\nis part of the", "sha": "05c3f49ed02e6163"}
{"t": 1787236899.653676, "key": "kanctapp/allison_v._sabin-mitchell", "text": "5", "sha": "4386430983ea8fee"}
{"t": 1787236900.704158, "key": "kanctapp/allison_v._sabin-mitchell", "text": "", "sha": "4386430983ea8fee"}
{"t": 1787238577.255417, "key": "coloctapp/marriage_of_fawcett", "text": "paragph markers should be", "sha": "b8fbac0f5918fac5"}
{"t": 1787238592.308458, "key": "coloctapp/marriage_of_fawcett", "text": "paragph markers should be used to", "sha": "b8fbac0f5918fac5"}
{"t": 1787238596.2179022, "key": "coloctapp/marriage_of_fawcett", "text": "paragph markers should be used to identify new paragraphs but", "sha": "b8fbac0f5918fac5"}
{"t": 1787238599.959328, "key": "coloctapp/marriage_of_fawcett", "text": "paragph markers should be used to identify new paragraphs but they are teh ones that are gra", "sha": "b8fbac0f5918fac5"}
{"t": 1787238601.0051231, "key": "coloctapp/marriage_of_fawcett", "text": "paragph markers should be used to identify new paragraphs but they are teh ones that are gray", "sha": "b8fbac0f5918fac5"}
{"t": 1787238605.424316, "key": "coloctapp/marriage_of_fawcett", "text": "paragph markers should be used to identify new paragraphs but they are teh ones that are gray and left aligend not", "sha": "b8fbac0f5918fac5"}
{"t": 1787238610.675403, "key": "coloctapp/marriage_of_fawcett", "text": "paragph markers should be used to identify new paragraphs but they are teh ones that are gray and left aligend not ones in the middle of setnetnces", "sha": "b8fbac0f5918fac5"}
{"t": 1787239008.177797, "key": "coloctapp/castillo_v._stem", "text": "*Sitting by assignment of the Chief Justice under provisions of Colo. Const. art.\nVI, \u00a7 5(3), and \u00a7 24-51-1105, C.R.S. 2025.", "sha": "4a41a8df9c50ecc1"}
{"t": 1787239009.75472, "key": "coloctapp/castillo_v._stem", "text": "*Sitting by assignment of the Chief Justice under provisions of Colo. Const. art.\nVI, \u00a7 5(3), and \u00a7 24-51-1105, C.R.S. 2025.\n\nthis", "sha": "4a41a8df9c50ecc1"}
{"t": 1787239013.9454348, "key": "coloctapp/castillo_v._stem", "text": "*Sitting by assignment of the Chief Justice under provisions of Colo. Const. art.\nVI, \u00a7 5(3), and \u00a7 24-51-1105, C.R.S. 2025.\n\nthis is correclty marked as headnote", "sha": "4a41a8df9c50ecc1"}
{"t": 1787239020.446652, "key": "coloctapp/castillo_v._stem", "text": "*Sitting by assignment of the Chief Justice under provisions of Colo. Const. art.\nVI, \u00a7 5(3), and \u00a7 24-51-1105, C.R.S. 2025.\n\nthis is correclty marked as heamatter footnote but left in counsel", "sha": "4a41a8df9c50ecc1"}
{"t": 1787239035.901335, "key": "coloctapp/elken_v._bain", "text": "still not", "sha": "e3dabf13a4384c7f"}
{"t": 1787239038.3030038, "key": "coloctapp/elken_v._bain", "text": "still not parsing headmatter", "sha": "e3dabf13a4384c7f"}
{"t": 1787239041.049439, "key": "coloctapp/elken_v._bain", "text": "still not parsing headmatter correctly.", "sha": "e3dabf13a4384c7f"}
{"t": 1787239050.031255, "key": "coloctapp/elken_v._bain", "text": "still not parsing headmatter correctly.  when there is a summary page or pages", "sha": "e3dabf13a4384c7f"}
{"t": 1787239055.294744, "key": "coloctapp/elken_v._bain", "text": "still not parsing headmatter correctly.  when there is a summary page or pages you then have a new page with teh headmatter", "sha": "e3dabf13a4384c7f"}
{"t": 1787239063.477576, "key": "coloctapp/elken_v._bain", "text": "still not parsing headmatter correctly.  when there is a summary page or pages you then have a new page with teh headmatter that is its own section and teh opinion starts on its own page", "sha": "e3dabf13a4384c7f"}
{"t": 1787239477.877704, "key": "va/appian_corporation_v._pegasystems", "text": "i just want you to tweak the head", "sha": "545e6bc523d56271"}
{"t": 1787239485.640922, "key": "va/appian_corporation_v._pegasystems", "text": "i just want you to tweak the headmatter... it looksl ike the v. is alwasy next ot the record no", "sha": "545e6bc523d56271"}
{"t": 1787239488.882806, "key": "va/appian_corporation_v._pegasystems", "text": "i just want you to tweak the headmatter... it looksl ike the v. is alwasy next ot the record no ... can we just make the v.", "sha": "545e6bc523d56271"}
{"t": 1787239492.4985678, "key": "va/appian_corporation_v._pegasystems", "text": "i just want you to tweak the headmatter... it looksl ike the v. is alwasy next ot the record no ... can we just make the v. and recornno", "sha": "545e6bc523d56271"}
{"t": 1787239494.1745942, "key": "va/appian_corporation_v._pegasystems", "text": "i just want you to tweak the headmatter... it looksl ike the v. is alwasy next ot the record no ... can we just make the v. and recornno separated", "sha": "545e6bc523d56271"}
{"t": 1787239496.247648, "key": "va/appian_corporation_v._pegasystems", "text": "i just want you to tweak the headmatter... it looksl ike the v. is alwasy next ot the record no ... can we just make the v. and recornno separated so", "sha": "545e6bc523d56271"}
{"t": 1787239501.633727, "key": "va/appian_corporation_v._pegasystems", "text": "i just want you to tweak the headmatter... it looksl ike the v. is alwasy next ot the record no ... can we just make the v. and recornno separated so the v. is part of the caption and t", "sha": "545e6bc523d56271"}
{"t": 1787239506.7065768, "key": "va/appian_corporation_v._pegasystems", "text": "i just want you to tweak the headmatter... it looksl ike the v. is alwasy next ot the record no ... can we just make the v. and recornno separated so the v. is part of the caption and therecord no is tagged docket.", "sha": "545e6bc523d56271"}
{"t": 1787239636.660645, "key": "del/in_re_the_aes_corporation_and_owens_corning", "text": "this", "sha": "b0e0fa2be27c658c"}
{"t": 1787239641.340838, "key": "del/in_re_the_aes_corporation_and_owens_corning", "text": "this doenst have two opinions you are saying the", "sha": "b0e0fa2be27c658c"}
{"t": 1787239645.594032, "key": "del/in_re_the_aes_corporation_and_owens_corning", "text": "this doenst have two opinions you are saying the end of hte headmatter that is", "sha": "b0e0fa2be27c658c"}
{"t": 1787239650.1855319, "key": "del/in_re_the_aes_corporation_and_owens_corning", "text": "this doenst have two opinions you are saying the end of hte headmatter that is attorneys/counsel is n order", "sha": "b0e0fa2be27c658c"}
{"t": 1787240041.831975, "key": "mo/d.j._by_and_through_his_next_friend_r.j._v._first_student_inc.", "text": "there are two opinions here", "sha": "798535bec88a99ec"}
{"t": 1787240325.777492, "key": "vactapp/belaal_khan_v._cynthia_mcalister_in_her_personal_and_individual_capacity", "text": "incorrectly", "sha": "3cce00cc7fcfc595"}
{"t": 1787240330.027214, "key": "vactapp/belaal_khan_v._cynthia_mcalister_in_her_personal_and_individual_capacity", "text": "incorrectly splitting opinions up", "sha": "3cce00cc7fcfc595"}
{"t": 1787240614.609921, "key": "coloctapp/castillo_v._stem", "text": "", "sha": "82cc91e1b81f0602"}
{"t": 1787240627.05881, "key": "coloctapp/castillo_v._stem", "text": "paaragph markers are now", "sha": "82cc91e1b81f0602"}
{"t": 1787240628.746073, "key": "coloctapp/castillo_v._stem", "text": "paaragph markers are now in the wrong place", "sha": "82cc91e1b81f0602"}
{"t": 1787240864.583345, "key": "me/opinion_of_the_justices_ranked-choice_voting", "text": "no headmatter", "sha": "b978d53daee9a05a"}
{"t": 1787240868.530237, "key": "me/state_of_maine_v._jesse_r._pelletier", "text": "no headmatter", "sha": "4518a0f9d2b5a672"}
{"t": 1787240942.1155462, "key": "delsuperct/johnson_v._bayhealth_medical_center", "text": "this one", "sha": "4c36ca268577c66d"}
{"t": 1787240951.056588, "key": "delsuperct/johnson_v._bayhealth_medical_center", "text": "this one takest he first line and puts it in teh ehedmatter", "sha": "4c36ca268577c66d"}
{"t": 1787240981.896839, "key": "delsuperct/stansbury_v._helm-woulard_and_barry_security", "text": "upon consideration is not counsel... its a sumamry", "sha": "663103e6958cfc0e"}
{"t": 1787240989.2242079, "key": "delsuperct/starbuck_v._google_llc", "text": "google llc motino to dimiss", "sha": "0f13fe633035d3c0"}
{"t": 1787240995.5585122, "key": "delsuperct/starbuck_v._google_llc", "text": "google llc motino to dimiss shoudl be part of", "sha": "0f13fe633035d3c0"}
{"t": 1787240997.25674, "key": "delsuperct/starbuck_v._google_llc", "text": "google llc motino to dimiss shoudl be part of DENIED and", "sha": "0f13fe633035d3c0"}
{"t": 1787241000.418005, "key": "delsuperct/starbuck_v._google_llc", "text": "google llc motino to dimiss shoudl be part of DENIED and marked as disposition i think", "sha": "0f13fe633035d3c0"}
{"t": 1787241377.4695082, "key": "coloctapp/inc.", "text": "including", "sha": "8369e22ba54912a0"}
{"t": 1787241385.7566888, "key": "coloctapp/inc.", "text": "including end of cousenl/headmatter in opinion", "sha": "8369e22ba54912a0"}
{"t": 1787241391.86372, "key": "coloctapp/mosley_v._daves", "text": "including the", "sha": "743321e57de5e71b"}
{"t": 1787241396.082625, "key": "coloctapp/mosley_v._daves", "text": "including the footnote in teh opinion", "sha": "743321e57de5e71b"}
{"t": 1787241410.095917, "key": "coloctapp/people_in_the_interest_of_n.g.", "text": "not properly parsing the headmatter including in the opinion.  all opinions start with", "sha": "7382fcbd6137e91f"}
{"t": 1787241413.9093828, "key": "coloctapp/people_in_the_interest_of_n.g.", "text": "not properly parsing the headmatter including in the opinion.  all opinions start with \u2022\u00aa", "sha": "7382fcbd6137e91f"}
{"t": 1787241417.819679, "key": "coloctapp/people_in_the_interest_of_n.g.", "text": "not properly parsing the headmatter including in the opinion.  all opinions start with \u00b6 1 i think", "sha": "7382fcbd6137e91f"}
{"t": 1787241421.737937, "key": "coloctapp/people_v._fields", "text": "not", "sha": "6088ebb6400f08ed"}
{"t": 1787241426.675057, "key": "coloctapp/people_v._fields", "text": "not parsing all the headmatter putting in opinion", "sha": "6088ebb6400f08ed"}
{"t": 1787241430.167819, "key": "coloctapp/people_v._jenkins", "text": "not", "sha": "9ce64851db4f09ed"}
{"t": 1787241432.606247, "key": "coloctapp/people_v._jenkins", "text": "not parsing proeprly hte", "sha": "9ce64851db4f09ed"}
{"t": 1787241434.032712, "key": "coloctapp/people_v._jenkins", "text": "not parsing proeprly hte headmatter", "sha": "9ce64851db4f09ed"}
{"t": 1787241439.8621728, "key": "coloctapp/people_v._romero", "text": "not parsing the headmatter properly.", "sha": "79c9a77b2ccfd64c"}
{"t": 1787241447.936772, "key": "coloctapp/people_v._romero", "text": "", "sha": "79c9a77b2ccfd64c"}
{"t": 1787241449.063972, "key": "coloctapp/people_v._romero", "text": "5", "sha": "79c9a77b2ccfd64c"}
